============================================================
JOBHUNT PRO v17.0 - SYSTEM VERIFICATION TEST
============================================================

[1] Importing modules...
    DRY_RUN=false
    CANDIDATE_EMAIL=samsalameh.cv@gmail.com
    Active providers: 17
      - gmail1: salamehnancy88@gmail.com (limit: 100/day)
      - gmail2: ritacordahi2@gmail.com (limit: 100/day)
      - gmail3: aurorafuture8@gmail.com (limit: 100/day)
      - gmail4: luxurystoresvvip@gmail.com (limit: 100/day)
      - gmail5: samatou683@gmail.com (limit: 100/day)
      - gmail6: luxurystores888@gmail.com (limit: 100/day)
      - gmail7: samsalameh.cv@gmail.com (limit: 100/day)
      - gmail8: heribertstern968@gmail.com (limit: 100/day)
      - gmail9: jaayivia275@gmail.com (limit: 100/day)
      - gmail10: UgScheila@gmail.com (limit: 100/day)
      - gmail11: rita.cordahi01@gmail.com (limit: 100/day)
      - gmail12: salamehsam33@gmail.com (limit: 100/day)
      - gmail13: paula.bassil.69@gmail.com (limit: 100/day)
      - acct14: wyn27xauit@bbyuopsch.it.com (limit: 100/day)
      - acct15: jrodriguez7476@live.hccc.edu (limit: 100/day)
      - yahoo1: samsalameh.cv@yahoo.com (limit: 500/day)
      - hotmail_pool: OAUTH2_POOL (limit: 8000/day)

[2] Initializing Orchestrator...
[3] Creating tables...
[4] Getting database stats...
    DB Stats: {'new': 0, 'applied': 142, 'failed': 1, 'skipped': 44, 'followed_up': 0, 'total': 187}

[5] Checking jobs with emails...
    Total new jobs: 0
    Jobs with emails: 0

[6] Testing SMTP connection (Gmail)...
    Found gmail1 config: salamehnancy88@gmail.com
    Gmail SMTP: FAILED TO CONNECT

[7] Testing Brevo REST API (HTTP)...
    Brevo HTTP API: CONNECTED SUCCESSFULLY

[8] Testing warmup...
    Gmail: 0/50 sent today
    Gmail can_send: True

[9] Running apply (limit=5 for test)...
    Apply result: 0

[10] Final DB stats...
    DB Stats: {'new': 0, 'applied': 142, 'failed': 1, 'skipped': 44, 'followed_up': 0, 'total': 187}

============================================================
SYSTEM VERIFICATION COMPLETE
============================================================
